[INFO] Scanning for projects...
[INFO] 
[INFO] ------------------------< com.patrones:backend >------------------------
[INFO] Building backend 0.0.1-SNAPSHOT
[INFO]   from pom.xml
[INFO] --------------------------------[ jar ]---------------------------------
[INFO] 
[INFO] --- clean:3.4.1:clean (default-clean) @ backend ---
[INFO] Deleting C:\patrones-backend\target
[INFO] 
[INFO] --- resources:3.3.1:resources (default-resources) @ backend ---
[INFO] Copying 1 resource from src\main\resources to target\classes
[INFO] Copying 0 resource from src\main\resources to target\classes
[INFO] 
[INFO] --- compiler:3.13.0:compile (default-compile) @ backend ---
[INFO] Recompiling the module because of changed source code.
[INFO] Compiling 21 source files with javac [debug parameters release 17] to target\classes
[INFO] -------------------------------------------------------------
[ERROR] COMPILATION ERROR : 
[INFO] -------------------------------------------------------------
[ERROR] /C:/patrones-backend/src/main/java/com/patrones/backend/config/ApplicationConfig.java:[26,43] cannot find symbol
  symbol:   method getEmail()
  location: variable user of type com.patrones.backend.model.User
[ERROR] /C:/patrones-backend/src/main/java/com/patrones/backend/config/ApplicationConfig.java:[27,39] cannot find symbol
  symbol:   method getPassword()
  location: variable user of type com.patrones.backend.model.User
[ERROR] /C:/patrones-backend/src/main/java/com/patrones/backend/config/ApplicationConfig.java:[28,42] cannot find symbol
  symbol:   method getRole()
  location: variable user of type com.patrones.backend.model.User
[ERROR] /C:/patrones-backend/src/main/java/com/patrones/backend/config/ApplicationConfig.java:[30,29] incompatible types: bad return type in lambda expression
    no instance(s) of type variable(s) X exist so that java.lang.Object conforms to org.springframework.security.core.userdetails.UserDetails
[ERROR] /C:/patrones-backend/src/main/java/com/patrones/backend/service/AuthService.java:[26,49] cannot find symbol
  symbol:   method getEmail()
  location: variable request of type com.patrones.backend.dto.RegisterRequest
[ERROR] /C:/patrones-backend/src/main/java/com/patrones/backend/service/AuthService.java:[30,24] cannot find symbol
  symbol:   method builder()
  location: class com.patrones.backend.model.User
[ERROR] /C:/patrones-backend/src/main/java/com/patrones/backend/service/AuthService.java:[31,34] cannot find symbol
  symbol:   method getFullName()
  location: variable request of type com.patrones.backend.dto.RegisterRequest
[ERROR] /C:/patrones-backend/src/main/java/com/patrones/backend/service/AuthService.java:[32,31] cannot find symbol
  symbol:   method getEmail()
  location: variable request of type com.patrones.backend.dto.RegisterRequest
[ERROR] /C:/patrones-backend/src/main/java/com/patrones/backend/service/AuthService.java:[33,57] cannot find symbol
  symbol:   method getPassword()
  location: variable request of type com.patrones.backend.dto.RegisterRequest
[ERROR] /C:/patrones-backend/src/main/java/com/patrones/backend/service/AuthService.java:[41,28] cannot find symbol
  symbol:   method builder()
  location: class com.patrones.backend.dto.AuthResponse
[ERROR] /C:/patrones-backend/src/main/java/com/patrones/backend/service/AuthService.java:[52,32] cannot find symbol
  symbol:   method getEmail()
  location: variable request of type com.patrones.backend.dto.LoginRequest
[ERROR] /C:/patrones-backend/src/main/java/com/patrones/backend/service/AuthService.java:[53,32] cannot find symbol
  symbol:   method getPassword()
  location: variable request of type com.patrones.backend.dto.LoginRequest
[ERROR] /C:/patrones-backend/src/main/java/com/patrones/backend/service/AuthService.java:[57,54] cannot find symbol
  symbol:   method getEmail()
  location: variable request of type com.patrones.backend.dto.LoginRequest
[ERROR] /C:/patrones-backend/src/main/java/com/patrones/backend/service/AuthService.java:[62,28] cannot find symbol
  symbol:   method builder()
  location: class com.patrones.backend.dto.AuthResponse
[ERROR] /C:/patrones-backend/src/main/java/com/patrones/backend/exception/GlobalExceptionHandler.java:[22,52] cannot find symbol
  symbol:   method builder()
  location: class com.patrones.backend.dto.ErrorResponse
[ERROR] /C:/patrones-backend/src/main/java/com/patrones/backend/exception/GlobalExceptionHandler.java:[34,52] cannot find symbol
  symbol:   method builder()
  location: class com.patrones.backend.dto.ErrorResponse
[ERROR] /C:/patrones-backend/src/main/java/com/patrones/backend/exception/GlobalExceptionHandler.java:[57,52] cannot find symbol
  symbol:   method builder()
  location: class com.patrones.backend.dto.ErrorResponse
[INFO] 17 errors 
[INFO] -------------------------------------------------------------
[INFO] ------------------------------------------------------------------------
[INFO] BUILD FAILURE
[INFO] ------------------------------------------------------------------------
[INFO] Total time:  1.814 s
[INFO] Finished at: 2026-03-25T15:53:54-05:00
[INFO] ------------------------------------------------------------------------
[ERROR] Failed to execute goal org.apache.maven.plugins:maven-compiler-plugin:3.13.0:compile (default-compile) on project backend: Compilation failure: Compilation failure: 
[ERROR] /C:/patrones-backend/src/main/java/com/patrones/backend/config/ApplicationConfig.java:[26,43] cannot find symbol
[ERROR]   symbol:   method getEmail()
[ERROR]   location: variable user of type com.patrones.backend.model.User
[ERROR] /C:/patrones-backend/src/main/java/com/patrones/backend/config/ApplicationConfig.java:[27,39] cannot find symbol
[ERROR]   symbol:   method getPassword()
[ERROR]   location: variable user of type com.patrones.backend.model.User
[ERROR] /C:/patrones-backend/src/main/java/com/patrones/backend/config/ApplicationConfig.java:[28,42] cannot find symbol
[ERROR]   symbol:   method getRole()
[ERROR]   location: variable user of type com.patrones.backend.model.User
[ERROR] /C:/patrones-backend/src/main/java/com/patrones/backend/config/ApplicationConfig.java:[30,29] incompatible types: bad return type in lambda expression
[ERROR]     no instance(s) of type variable(s) X exist so that java.lang.Object conforms to org.springframework.security.core.userdetails.UserDetails
[ERROR] /C:/patrones-backend/src/main/java/com/patrones/backend/service/AuthService.java:[26,49] cannot find symbol
[ERROR]   symbol:   method getEmail()
[ERROR]   location: variable request of type com.patrones.backend.dto.RegisterRequest
[ERROR] /C:/patrones-backend/src/main/java/com/patrones/backend/service/AuthService.java:[30,24] cannot find symbol
[ERROR]   symbol:   method builder()
[ERROR]   location: class com.patrones.backend.model.User
[ERROR] /C:/patrones-backend/src/main/java/com/patrones/backend/service/AuthService.java:[31,34] cannot find symbol
[ERROR]   symbol:   method getFullName()
[ERROR]   location: variable request of type com.patrones.backend.dto.RegisterRequest
[ERROR] /C:/patrones-backend/src/main/java/com/patrones/backend/service/AuthService.java:[32,31] cannot find symbol
[ERROR]   symbol:   method getEmail()
[ERROR]   location: variable request of type com.patrones.backend.dto.RegisterRequest
[ERROR] /C:/patrones-backend/src/main/java/com/patrones/backend/service/AuthService.java:[33,57] cannot find symbol
[ERROR]   symbol:   method getPassword()
[ERROR]   location: variable request of type com.patrones.backend.dto.RegisterRequest
[ERROR] /C:/patrones-backend/src/main/java/com/patrones/backend/service/AuthService.java:[41,28] cannot find symbol
[ERROR]   symbol:   method builder()
[ERROR]   location: class com.patrones.backend.dto.AuthResponse
[ERROR] /C:/patrones-backend/src/main/java/com/patrones/backend/service/AuthService.java:[52,32] cannot find symbol
[ERROR]   symbol:   method getEmail()
[ERROR]   location: variable request of type com.patrones.backend.dto.LoginRequest
[ERROR] /C:/patrones-backend/src/main/java/com/patrones/backend/service/AuthService.java:[53,32] cannot find symbol
[ERROR]   symbol:   method getPassword()
[ERROR]   location: variable request of type com.patrones.backend.dto.LoginRequest
[ERROR] /C:/patrones-backend/src/main/java/com/patrones/backend/service/AuthService.java:[57,54] cannot find symbol
[ERROR]   symbol:   method getEmail()
[ERROR]   location: variable request of type com.patrones.backend.dto.LoginRequest
[ERROR] /C:/patrones-backend/src/main/java/com/patrones/backend/service/AuthService.java:[62,28] cannot find symbol
[ERROR]   symbol:   method builder()
[ERROR]   location: class com.patrones.backend.dto.AuthResponse
[ERROR] /C:/patrones-backend/src/main/java/com/patrones/backend/exception/GlobalExceptionHandler.java:[22,52] cannot find symbol
[ERROR]   symbol:   method builder()
[ERROR]   location: class com.patrones.backend.dto.ErrorResponse
[ERROR] /C:/patrones-backend/src/main/java/com/patrones/backend/exception/GlobalExceptionHandler.java:[34,52] cannot find symbol
[ERROR]   symbol:   method builder()
[ERROR]   location: class com.patrones.backend.dto.ErrorResponse
[ERROR] /C:/patrones-backend/src/main/java/com/patrones/backend/exception/GlobalExceptionHandler.java:[57,52] cannot find symbol
[ERROR]   symbol:   method builder()
[ERROR]   location: class com.patrones.backend.dto.ErrorResponse
[ERROR] -> [Help 1]
[ERROR] 
[ERROR] To see the full stack trace of the errors, re-run Maven with the -e switch.
[ERROR] Re-run Maven using the -X switch to enable full debug logging.
[ERROR] 
[ERROR] For more information about the errors and possible solutions, please read the following articles:
[ERROR] [Help 1] http://cwiki.apache.org/confluence/display/MAVEN/MojoFailureException
